Breakpoint: Inline.kt:25
========================================================

Breakpoint: Inline.kt:30
========================================================
0  [5-39]    : this_$iv            : tests.Inline
1  [6-39]    : i$iv                : int
2  [8-39]    : s$iv                : java.lang.String
3  [9-39]    : $i$f$foo            : int

Breakpoint: Inline.kt:35
========================================================
0  [5-39]    : this_$iv            : tests.Inline
1  [6-39]    : i$iv                : int
2  [8-39]    : s$iv                : java.lang.String
3  [9-39]    : $i$f$foo            : int
4  [14-38]   : i$iv$iv             : int
5  [33-38]   : s$iv$iv             : java.lang.String
6  [34-38]   : this_$iv$iv         : tests.Inline
7  [35-38]   : $i$f$bar            : int

