Breakpoint: RunnableLambda.kt:32 - tests.RunnableLambda$start$1.run()
====== This Object ======================================================
Interfaces:
  java.lang.Runnable
Fields:
  $i1       : int
====== Local Variables ==================================================
1  [31-33]    [2-31]    : i3                            : int

