Breakpoint: SuspendLambda.kt:34 - tests.SuspendLambda$start$1$1.invokeSuspend(java.lang.Object)
====== This Object ======================================================
Interfaces:
  kotlin.jvm.functions.Function2
Superclass:
  kotlin.coroutines.jvm.internal.SuspendLambda
Fields:
  label     : int
  L$0       : java.lang.Object
  $i1       : int
====== Local Variables ==================================================
1  [31-35]    [32-83]   : $result                       : java.lang.Object
2  [32-35]    [40-83]   : s                             : java.lang.String
3  [33-35]    [42-83]   : i3                            : int

