Breakpoint: InlineSpilledVariables.kt.tests.InlineSpilledVariables.start():40
========================================================
0  [27-49]    [1-95]    : main1                         : int
1  [28-49]    [2-101]   : main2                         : int
2  [29-49]    [3-107]   : main3                         : int
3  [30-49]    [4-113]   : main4                         : int
4  [31-42]    [29-129]  : this_$iv                      : tests.InlineSpilledVariables
5  [31-42]    [30-129]  : i$iv                          : int
6  [31-42]    [32-129]  : s$iv                          : java.lang.String
7  [35-42]    [33-129]  : $i$f$foo                      : int
8  [36-42]    [34-129]  : foo1$iv                       : int
9  [37-42]    [35-129]  : foo2$iv                       : int
10 [38-42]    [36-129]  : foo3$iv                       : int
11 [39-42]    [37-129]  : foo4$iv                       : int

Breakpoint: InlineSpilledVariables.kt.tests.InlineSpilledVariables.start():50
========================================================
4  [31-42]    [29-129]  : this_$iv                      : tests.InlineSpilledVariables
5  [31-42]    [30-129]  : i$iv                          : int
6  [31-42]    [32-129]  : s$iv                          : java.lang.String
7  [35-42]    [33-129]  : $i$f$foo                      : int
8  [36-42]    [34-129]  : foo1$iv                       : int
9  [37-42]    [35-129]  : foo2$iv                       : int
10 [38-42]    [36-129]  : foo3$iv                       : int
11 [39-42]    [37-129]  : foo4$iv                       : int
12 [41-51]    [65-128]  : i$iv$iv                       : int
13 [41-51]    [84-128]  : s$iv$iv                       : java.lang.String
14 [41-51]    [85-128]  : this_$iv$iv                   : tests.InlineSpilledVariables
15 [45-51]    [86-128]  : $i$f$bar                      : int
16 [46-51]    [88-128]  : bar1$iv$iv                    : int
17 [47-51]    [90-128]  : bar2$iv$iv                    : int
18 [48-51]    [92-128]  : bar3$iv$iv                    : int
19 [49-51]    [94-128]  : bar4$iv$iv                    : int
20 [49-32]    [96-130]  : main1                         : int
21 [49-32]    [102-130] : main2                         : int
22 [49-32]    [108-130] : main3                         : int
23 [49-32]    [114-130] : main4                         : int

